[21:46:21.309] [INFO] [36mInitializing Storybook[39m
[21:46:21.417] [DEBUG] Getting package.json info for /Users/karib/Desktop/stellar-burgers/package.json...
[21:46:21.417] [DEBUG] Getting CLI versions from NPM for storybook...
[21:46:21.417] [DEBUG] Executing command: npm info storybook version
[21:46:22.157] [INFO] Adding Storybook version 10.2.13 to your project
[21:46:22.158] [INFO] Installing Storybook for user specified project type: react
[21:46:22.161] [DEBUG] Using cached package.json for /Users/karib/Desktop/stellar-burgers/package.json...
[21:46:22.161] [INFO] Framework detected: react-webpack5
[21:46:22.161] [DEBUG] Getting installed version for vitest...
[21:46:22.161] [DEBUG] Executing command: npm ls --json --depth=99 2>/dev/null
[21:46:22.923] [DEBUG] Executing command: npm ls --json --depth=0 2>/dev/null
[21:46:23.288] [DEBUG] Error finding installations for vitest: ExecaError: Command failed with exit code 1: npm ls --json '--depth=0' '2>/dev/null'

{
  "version": "0.1.0",
  "name": "react-canonical"
}
[21:46:23.288] [DEBUG] No installations found for vitest
[21:46:23.288] [DEBUG] Getting installed version for msw...
[21:46:23.288] [DEBUG] Executing command: npm ls --json --depth=99 2>/dev/null
[21:46:23.953] [DEBUG] Executing command: npm ls --json --depth=0 2>/dev/null
[21:46:24.313] [DEBUG] Error finding installations for msw: ExecaError: Command failed with exit code 1: npm ls --json '--depth=0' '2>/dev/null'

{
  "version": "0.1.0",
  "name": "react-canonical"
}
[21:46:24.313] [DEBUG] No installations found for msw
[21:46:37.962] [PROMPT] New to Storybook? {"choice":true}
[21:46:37.963] [INFO] Storybook collects completely anonymous usage telemetry. We use it to shape Storybook's roadmap and prioritize features. You can learn more, including how to opt out, at https://storybook.js.org/telemetry
[21:46:38.511] [INFO] base-generator-task-start: Generating Storybook configuration
[21:46:38.512] [DEBUG] Using cached package.json for /Users/karib/Desktop/stellar-burgers/package.json...
[21:46:38.512] [DEBUG] Using cached package.json for /Users/karib/Desktop/stellar-burgers/package.json...
[21:46:38.512] [DEBUG] Using cached package.json for /Users/karib/Desktop/stellar-burgers/package.json...
[21:46:38.512] [DEBUG] Getting CLI versions from NPM for @storybook/addon-webpack5-compiler-swc...
[21:46:38.512] [DEBUG] Executing command: npm info @storybook/addon-webpack5-compiler-swc version
[21:46:38.517] [DEBUG] Getting CLI versions from NPM for @storybook/addon-a11y...
[21:46:38.517] [DEBUG] Executing command: npm info @storybook/addon-a11y version
[21:46:38.520] [DEBUG] Getting CLI versions from NPM for @storybook/addon-docs...
[21:46:38.521] [DEBUG] Executing command: npm info @storybook/addon-docs version
[21:46:39.893] [INFO] base-generator-task: - Configuring main.ts
[21:46:39.894] [INFO] base-generator-task: - Configuring preview.ts
[21:46:39.894] [INFO] base-generator-task: - Adding Storybook command to package.json
[21:46:39.895] [DEBUG] Getting package.json info for /Users/karib/Desktop/stellar-burgers/package.json...
[21:46:39.895] [DEBUG] Using cached package.json for /Users/karib/Desktop/stellar-burgers/package.json...
[21:46:39.895] [DEBUG] Using cached package.json for /Users/karib/Desktop/stellar-burgers/package.json...
[21:46:39.895] [INFO] base-generator-task: - Copying framework templates
[21:46:39.911] [DEBUG] Executing command: npm config get registry -ws=false -iwr
[21:46:40.750] [INFO] base-generator-task-success: Storybook configuration generated
[21:46:40.750] [INFO] adding-dependencies-task-start: Adding dependencies to package.json
[21:46:40.750] [INFO] adding-dependencies-task: Adding devDependencies:
- @storybook/addon-webpack5-compiler-swc@^4.0.2
- @storybook/addon-a11y@^10.2.13
- @storybook/addon-docs@^10.2.13
[21:46:40.751] [DEBUG] Using cached package.json for /Users/karib/Desktop/stellar-burgers/package.json...
[21:46:40.751] [DEBUG] Using cached version for @storybook/addon-webpack5-compiler-swc...
[21:46:40.751] [DEBUG] Using cached version for @storybook/addon-a11y...
[21:46:40.751] [DEBUG] Using cached version for @storybook/addon-docs...
[21:46:40.751] [DEBUG] Using cached package.json for /Users/karib/Desktop/stellar-burgers/package.json...
[21:46:40.751] [INFO] adding-dependencies-task-success: Dependencies added to package.json
[21:46:40.751] [INFO] Installing dependencies...
[21:46:40.752] [INFO] install-dependencies-spinner-start: Installing dependencies...
[21:46:40.752] [DEBUG] Executing command: npm install
[21:46:45.044] [ERROR] Installation of dependencies failed! {"error":"ExecaError: Command failed with exit code 1: npm install\n\nnpm error code ERESOLVE\nnpm error ERESOLVE could not resolve\nnpm error\nnpm error While resolving: @storybook/addon-essentials@8.6.14\nnpm error Found: storybook@10.2.13\nnpm error node_modules/storybook\nnpm error   dev storybook@\"^10.2.13\" from the root project\nnpm error   peer storybook@\"^10.2.13\" from @storybook/addon-onboarding@10.2.13\nnpm error   node_modules/@storybook/addon-onboarding\nnpm error     dev @storybook/addon-onboarding@\"^10.2.13\" from the root project\nnpm error   10 more (@storybook/builder-webpack5, ...)\nnpm error\nnpm error Could not resolve dependency:\nnpm error peer storybook@\"^8.6.14\" from @storybook/addon-essentials@8.6.14\nnpm error node_modules/@storybook/addon-essentials\nnpm error   dev @storybook/addon-essentials@\"^8.6.14\" from the root project\nnpm error\nnpm error Conflicting peer dependency: storybook@8.6.17\nnpm error node_modules/storybook\nnpm error   peer storybook@\"^8.6.14\" from @storybook/addon-essentials@8.6.14\nnpm error   node_modules/@storybook/addon-essentials\nnpm error     dev @storybook/addon-essentials@\"^8.6.14\" from the root project\nnpm error\nnpm error Fix the upstream dependency conflict, or retry\nnpm error this command with --force or --legacy-peer-deps\nnpm error to accept an incorrect (and potentially broken) dependency resolution.\nnpm error\nnpm error\nnpm error For a full report see:\nnpm error /Users/karib/.npm/_logs/2026-02-27T18_46_40_817Z-eresolve-report.txt\nnpm error A complete log of this run can be found in: /Users/karib/.npm/_logs/2026-02-27T18_46_40_817Z-debug-0.log\n    at getFinalError (file:///Users/karib/.npm/_npx/898ae1de04427dd1/node_modules/storybook/dist/_node-chunks/chunk-CUCNHZNT.js:13109:10)\n    at makeError (file:///Users/karib/.npm/_npx/898ae1de04427dd1/node_modules/storybook/dist/_node-chunks/chunk-CUCNHZNT.js:14645:15)\n    at getAsyncResult (file:///Users/karib/.npm/_npx/898ae1de04427dd1/node_modules/storybook/dist/_node-chunks/chunk-CUCNHZNT.js:17291:158)\n    at handlePromise (file:///Users/karib/.npm/_npx/898ae1de04427dd1/node_modules/storybook/dist/_node-chunks/chunk-CUCNHZNT.js:17277:162)\n    at async Object.executeTaskWithSpinner (file:///Users/karib/.npm/_npx/898ae1de04427dd1/node_modules/storybook/dist/_node-chunks/chunk-AEHREA72.js:3683:11)\n    at async NPMProxy.installDependencies (file:///Users/karib/.npm/_npx/898ae1de04427dd1/node_modules/storybook/dist/_node-chunks/chunk-CUCNHZNT.js:11258:5)\n    at async DependencyInstallationCommand.execute (file:///Users/karib/.npm/_npx/898ae1de04427dd1/node_modules/create-storybook/dist/_node-chunks/chunk-CZCAOQEF.js:2072:9)\n    at async doInitiate (file:///Users/karib/.npm/_npx/898ae1de04427dd1/node_modules/create-storybook/dist/_node-chunks/chunk-CZCAOQEF.js:2848:38)\n    at async file:///Users/karib/.npm/_npx/898ae1de04427dd1/node_modules/create-storybook/dist/_node-chunks/chunk-CZCAOQEF.js:2882:20\n    at async withTelemetry (file:///Users/karib/.npm/_npx/898ae1de04427dd1/node_modules/storybook/dist/_node-chunks/chunk-WGZQUMPK.js:218:12)"}
[21:46:45.044] [ERROR] install-dependencies-spinner-error: [31mInstallation of dependencies failed![39m
[21:46:45.047] [INFO] configure-addons-task-start: Configuring addons...
[21:46:45.047] [INFO] configure-addons-task: Configuring @storybook/addon-a11y...
[21:46:45.048] [DEBUG] Getting package.json info for /Users/karib/Desktop/stellar-burgers/package.json...
[21:46:45.048] [DEBUG] Executing command: npx storybook@10.2.13 automigrate addon-a11y-addon-test --loglevel silent --skip-doctor --package-manager npm --config-dir .storybook
[21:46:56.698] [INFO] configure-addons-task: @storybook/addon-a11y configured

[21:46:56.698] [INFO] configure-addons-task: Configuring @storybook/addon-docs...
[21:46:56.700] [INFO] configure-addons-task: @storybook/addon-docs configured

[21:46:56.700] [INFO] configure-addons-task: Configuring @storybook/addon-onboarding...
[21:46:56.701] [INFO] configure-addons-task: @storybook/addon-onboarding configured

[21:46:56.701] [INFO] configure-addons-task-success: Addons configured successfully
[21:46:56.701] [INFO] [2m✅ @storybook/addon-a11y[22m
[21:46:56.703] [INFO] [2m✅ @storybook/addon-docs[22m
[21:46:56.703] [INFO] [2m✅ @storybook/addon-onboarding[22m
[21:46:56.704] [WARN] Storybook setup completed, but some non-blocking errors occurred. Please check the log file below for details.
[21:46:56.705] [INFO] To run Storybook manually, run [36mnpm run storybook[39m. CTRL+C to stop.
[21:46:56.705] [INFO] Wanna know more about Storybook? Check out [36mhttps://storybook.js.org/[39m
Having trouble or want to chat? Join us at [36mhttps://discord.gg/storybook/[39m